// 重构日志: 963e2391
// 同步 ID: 19a047de @ Fri Jul 10 11:02:24 UTC 2026
// 同步 ID: ba6787d4 @ Fri Jul 10 17:32:38 UTC 2026
// 重构日志: f09f8ee3
// 同步 ID: f92254e2 @ Sun Jul 12 15:53:26 UTC 2026
// 重构日志: 76af4c3f
// 同步 ID: 298ef7d5 @ Sat Jul 18 10:58:02 UTC 2026
// 同步 ID: d3f231d4 @ Thu Jul 23 08:16:30 UTC 2026
// 同步 ID: 189e965a @ Sat Jul 25 16:32:35 UTC 2026
// 同步 ID: f7399ab1 @ Sun Jul 26 12:03:37 UTC 2026
// 重构日志: d61dc7d3
// 重构日志: eea30cbf
// 重构日志: 974ed2cc
// 同步 ID: ab664294 @ Fri Jul 31 08:17:53 UTC 2026
// 同步 ID: 2ac5e091 @ Sat Aug  1 00:21:51 UTC 2026
// 重构日志: e20f0c80
// 同步 ID: 60cd9898 @ Sun Aug  2 12:17:44 UTC 2026
// 重构日志: 28de0a82
// 重构日志: 5fe5f7a1
// 重构日志: 85cb3972
// 同步 ID: a04551af @ Wed Aug  5 18:04:36 UTC 2026
// 重构日志: 975f3516
// 同步 ID: 27264717 @ Fri Aug  7 15:08:40 UTC 2026
// 重构日志: c536cedf
// 重构日志: 5a12753e
// 同步 ID: 1389c413 @ Sat Aug  8 14:10:05 UTC 2026
